// Jest Snapshot v1, https://goo.gl/fbAQLP

exports[`TabWrangleOption renders options with exactURLMatch selected 1`] = `
<div>
  <label
    class="form-label"
  >
    <strong>
      Translated&lt;options_dedupe_label&gt;
    </strong>
  </label>
  <div
    class="form-check"
  >
    <input
      class="form-check-input"
      id="withDupes"
      name="wrangleOption"
      type="radio"
      value="withDupes"
    />
    <label
      class="form-check-label"
      for="withDupes"
    >
      Translated&lt;options_dedupe_option_withDupes&gt;
    </label>
  </div>
  <div
    class="form-check"
  >
    <input
      checked=""
      class="form-check-input"
      id="exactURLMatch"
      name="wrangleOption"
      type="radio"
      value="exactURLMatch"
    />
    <label
      class="form-check-label"
      for="exactURLMatch"
    >
      Translated&lt;options_dedupe_option_exactURLMatch&gt;
    </label>
  </div>
  <div
    class="form-check"
  >
    <input
      class="form-check-input"
      id="hostnameAndTitleMatch"
      name="wrangleOption"
      type="radio"
      value="hostnameAndTitleMatch"
    />
    <label
      class="form-check-label"
      for="hostnameAndTitleMatch"
    >
      Translated&lt;options_dedupe_option_hostnameAndTitleMatch&gt;
    </label>
  </div>
  <div
    class="row"
  >
    <div
      class="col-8 form-text text-muted"
      style="margin-bottom: 0px;"
    >
      <dl
        style="margin-bottom: 0px;"
      >
        <dt>
          Translated&lt;options_dedupe_option_withDupes_label&gt;
        </dt>
        <dd>
          Translated&lt;options_dedupe_option_withDupes_description&gt;
        </dd>
        <dt
          style="margin-top: 10px;"
        >
          Translated&lt;options_dedupe_option_exactURLMatch_label&gt;
        </dt>
        <dd>
          Translated&lt;options_dedupe_option_exactURLMatch_description&gt;
        </dd>
        <dt
          style="margin-top: 10px;"
        >
          Translated&lt;options_dedupe_option_hostnameAndTitleMatch_label&gt;
        </dt>
        <dd>
          Translated&lt;options_dedupe_option_hostnameAndTitleMatch_description&gt;
        </dd>
      </dl>
    </div>
  </div>
</div>
`;

exports[`TabWrangleOption renders options with hostnameAndTitleMatch selected 1`] = `
<div>
  <label
    class="form-label"
  >
    <strong>
      Translated&lt;options_dedupe_label&gt;
    </strong>
  </label>
  <div
    class="form-check"
  >
    <input
      class="form-check-input"
      id="withDupes"
      name="wrangleOption"
      type="radio"
      value="withDupes"
    />
    <label
      class="form-check-label"
      for="withDupes"
    >
      Translated&lt;options_dedupe_option_withDupes&gt;
    </label>
  </div>
  <div
    class="form-check"
  >
    <input
      class="form-check-input"
      id="exactURLMatch"
      name="wrangleOption"
      type="radio"
      value="exactURLMatch"
    />
    <label
      class="form-check-label"
      for="exactURLMatch"
    >
      Translated&lt;options_dedupe_option_exactURLMatch&gt;
    </label>
  </div>
  <div
    class="form-check"
  >
    <input
      checked=""
      class="form-check-input"
      id="hostnameAndTitleMatch"
      name="wrangleOption"
      type="radio"
      value="hostnameAndTitleMatch"
    />
    <label
      class="form-check-label"
      for="hostnameAndTitleMatch"
    >
      Translated&lt;options_dedupe_option_hostnameAndTitleMatch&gt;
    </label>
  </div>
  <div
    class="row"
  >
    <div
      class="col-8 form-text text-muted"
      style="margin-bottom: 0px;"
    >
      <dl
        style="margin-bottom: 0px;"
      >
        <dt>
          Translated&lt;options_dedupe_option_withDupes_label&gt;
        </dt>
        <dd>
          Translated&lt;options_dedupe_option_withDupes_description&gt;
        </dd>
        <dt
          style="margin-top: 10px;"
        >
          Translated&lt;options_dedupe_option_exactURLMatch_label&gt;
        </dt>
        <dd>
          Translated&lt;options_dedupe_option_exactURLMatch_description&gt;
        </dd>
        <dt
          style="margin-top: 10px;"
        >
          Translated&lt;options_dedupe_option_hostnameAndTitleMatch_label&gt;
        </dt>
        <dd>
          Translated&lt;options_dedupe_option_hostnameAndTitleMatch_description&gt;
        </dd>
      </dl>
    </div>
  </div>
</div>
`;

exports[`TabWrangleOption renders options with withDupes selected 1`] = `
<div>
  <label
    class="form-label"
  >
    <strong>
      Translated&lt;options_dedupe_label&gt;
    </strong>
  </label>
  <div
    class="form-check"
  >
    <input
      checked=""
      class="form-check-input"
      id="withDupes"
      name="wrangleOption"
      type="radio"
      value="withDupes"
    />
    <label
      class="form-check-label"
      for="withDupes"
    >
      Translated&lt;options_dedupe_option_withDupes&gt;
    </label>
  </div>
  <div
    class="form-check"
  >
    <input
      class="form-check-input"
      id="exactURLMatch"
      name="wrangleOption"
      type="radio"
      value="exactURLMatch"
    />
    <label
      class="form-check-label"
      for="exactURLMatch"
    >
      Translated&lt;options_dedupe_option_exactURLMatch&gt;
    </label>
  </div>
  <div
    class="form-check"
  >
    <input
      class="form-check-input"
      id="hostnameAndTitleMatch"
      name="wrangleOption"
      type="radio"
      value="hostnameAndTitleMatch"
    />
    <label
      class="form-check-label"
      for="hostnameAndTitleMatch"
    >
      Translated&lt;options_dedupe_option_hostnameAndTitleMatch&gt;
    </label>
  </div>
  <div
    class="row"
  >
    <div
      class="col-8 form-text text-muted"
      style="margin-bottom: 0px;"
    >
      <dl
        style="margin-bottom: 0px;"
      >
        <dt>
          Translated&lt;options_dedupe_option_withDupes_label&gt;
        </dt>
        <dd>
          Translated&lt;options_dedupe_option_withDupes_description&gt;
        </dd>
        <dt
          style="margin-top: 10px;"
        >
          Translated&lt;options_dedupe_option_exactURLMatch_label&gt;
        </dt>
        <dd>
          Translated&lt;options_dedupe_option_exactURLMatch_description&gt;
        </dd>
        <dt
          style="margin-top: 10px;"
        >
          Translated&lt;options_dedupe_option_hostnameAndTitleMatch_label&gt;
        </dt>
        <dd>
          Translated&lt;options_dedupe_option_hostnameAndTitleMatch_description&gt;
        </dd>
      </dl>
    </div>
  </div>
</div>
`;
